C51 COMPILER V9.52.0.0   LIB_PROJET_T_CONFIG_GLOBALE                                       02/28/2017 09:56:15 PAGE 1   


C51 COMPILER V9.52.0.0, COMPILATION OF MODULE LIB_PROJET_T_CONFIG_GLOBALE
OBJECT MODULE PLACED IN LIB_PROJET_T_Config_Globale.OBJ
COMPILER INVOKED BY: D:\Programmes\Keil\C51\BIN\C51.EXE LIB_PROJET_T_Config_Globale.c BROWSE DEBUG OBJECTEXTEND TABS(2)

line level    source

   1          #ifndef __LIB_BSE_Config_Globale__
   2          #define __LIB_BSE_Config_Globale__
   3          /*---------------------------------------------------------------------------
   4          ;
   5          ;
   6          ;
   7          ;
   8          ;   FILE NAME   : LIB_BSE_Config_Globale
   9          ;   TARGET MCUs : C8051F020, 
  10          ;   DESCRIPTION : Fonctions Bas niveau pour le TP EMBARQUE
  11          ;
  12          ;   REVISION 1.0
  13          ;
  14          ;---------------------------------------------------------------------------*/
  15          //-------------------------------------------------------------------------
  16          // Includes
  17          //------------------------------------------------------------------------------------
  18          #include <c8051f020.h>                    // SFR declarations
  19          #include "LIB_PROJET_T_DAC.h"
  20          #include "LIB_PROJET_T_Config_Globale.h"
  21          #include "LIB_PROJET_T_GPIO.h"  
  22          #include "LIB_PROJET_T_INT_Ext.h"  
  23          #include "LIB_PROJET_T_Timers.h"
  24          #include "LIB_PROJET_T_Reset.h"
  25          #include "LIB_PROJET_T_Clock.h" 
  26          #include "LIB_PROJET_T_ADC.h" 
  27          //------------------------------------------------------------------------------
  28          
  29          //*****************************************************************************  
  30          //Init_Device
  31          //
  32          //   Cette fonction a pour but de regrouper les fonctions de configurations.
  33          // 
  34          //*****************************************************************************
  35          void Init_Device(void)
  36          {
  37   1        CFG_Clock();
  38   1        CFG_GPIO();
  39   1        CFG_RESET();
  40   1        CFG_INT_Ext();
  41   1        CFG_Timers();
  42   1        CFG_DAC0();
  43   1        CFG_ADC();
  44   1      }
  45          #endif


MODULE INFORMATION:   STATIC OVERLAYABLE
   CODE SIZE        =     21    ----
   CONSTANT SIZE    =   ----    ----
   XDATA SIZE       =   ----    ----
   PDATA SIZE       =   ----    ----
   DATA SIZE        =   ----    ----
   IDATA SIZE       =   ----    ----
   BIT SIZE         =   ----    ----
C51 COMPILER V9.52.0.0   LIB_PROJET_T_CONFIG_GLOBALE                                       02/28/2017 09:56:15 PAGE 2   

END OF MODULE INFORMATION.


C51 COMPILATION COMPLETE.  0 WARNING(S),  0 ERROR(S)
